// Jest Snapshot v1, https://goo.gl/fbAQLP

exports[`ScanBarcodeViewContainer renders correctly 1`] = `
<View
  style={
    Array [
      Object {
        "flex": 1,
      },
    ]
  }
>
  <View
    accessible={true}
    focusable={true}
    isTVSelectable={true}
    onClick={[Function]}
    onResponderGrant={[Function]}
    onResponderMove={[Function]}
    onResponderRelease={[Function]}
    onResponderTerminate={[Function]}
    onResponderTerminationRequest={[Function]}
    onStartShouldSetResponder={[Function]}
    style={
      Object {
        "height": 64,
        "opacity": 1,
      }
    }
  >
    <Text>
      Trigger barcode
    </Text>
  </View>
  <BarcodePicker
    onBarcodeFrameAvailable={[Function]}
    onChangeTrackedCodes={[Function]}
    onPropertyChanged={[Function]}
    onRecognizeNewCodes={[Function]}
    onScan={[Function]}
    onSettingsApplied={[Function]}
    onTextRecognized={[Function]}
    onWarnings={[Function]}
    scanSettings={
      ScanSettings {
        "symbologies": Object {
          "code128": SymbologySettings {
            "checksums": Array [],
            "enabled": true,
            "extensions": Array [],
          },
          "code39": SymbologySettings {
            "activeSymbolCounts": Array [
              7,
              8,
              9,
              10,
              11,
              12,
              13,
              14,
              15,
              16,
              17,
              18,
              19,
              20,
            ],
            "checksums": Array [],
            "enabled": true,
            "extensions": Array [],
          },
          "data-matrix": SymbologySettings {
            "checksums": Array [],
            "enabled": true,
            "extensions": Array [],
          },
          "ean13": SymbologySettings {
            "checksums": Array [],
            "enabled": true,
            "extensions": Array [],
          },
          "ean8": SymbologySettings {
            "checksums": Array [],
            "enabled": true,
            "extensions": Array [],
          },
          "itf": SymbologySettings {
            "checksums": Array [],
            "enabled": true,
            "extensions": Array [],
          },
          "qr": SymbologySettings {
            "checksums": Array [],
            "enabled": true,
            "extensions": Array [],
          },
          "upca": SymbologySettings {
            "checksums": Array [],
            "enabled": true,
            "extensions": Array [],
          },
          "upce": SymbologySettings {
            "checksums": Array [],
            "enabled": true,
            "extensions": Array [],
          },
        },
      }
    }
    style={
      Array [
        Object {
          "flex": 1,
        },
      ]
    }
  />
  <View
    style={
      Array [
        Object {
          "position": "absolute",
        },
        Object {
          "bottom": 0,
        },
        Object {
          "width": "100%",
        },
        Object {
          "height": 64,
        },
        Object {
          "justifyContent": "center",
        },
        Object {
          "backgroundColor": "#000",
        },
        Object {
          "opacity": 0.5,
        },
      ]
    }
  >
    <Text
      style={
        Array [
          Object {
            "color": "#fff",
          },
          Object {
            "textAlign": "center",
          },
          Object {
            "fontWeight": "bold",
          },
          Object {
            "fontSize": 30,
          },
        ]
      }
    >
      Scan barcode
    </Text>
  </View>
</View>
`;
