// Jest Snapshot v1, https://goo.gl/fbAQLP

exports[`ErrorView renders correctly 1`] = `
<View
  style={
    Array [
      Object {
        "flex": 1,
      },
    ]
  }
>
  <SvgMock />
  <Text
    style={
      Array [
        Object {
          "textAlign": "center",
        },
        Object {
          "color": "#000",
        },
        Object {
          "marginBottom": 40,
        },
        Object {
          "fontSize": 93,
        },
      ]
    }
  >
    OOOOPS!
  </Text>
  <Text
    style={
      Array [
        Object {
          "textAlign": "center",
        },
        Object {
          "color": "#000",
        },
        Object {
          "marginHorizontal": 48,
        },
        Object {
          "fontSize": 53,
        },
      ]
    }
  >
    Something went wrong... You can tell us what happened or try again later
  </Text>
  <View
    style={
      Array [
        Object {
          "height": 160,
        },
      ]
    }
  />
  <View
    style={
      Array [
        Object {
          "position": "absolute",
        },
        Object {
          "bottom": 0,
        },
        Object {
          "width": "100%",
        },
        Object {
          "alignItems": "center",
        },
        Object {
          "paddingBottom": 20,
        },
      ]
    }
  >
    <View
      accessible={true}
      focusable={true}
      isTVSelectable={true}
      onClick={[Function]}
      onResponderGrant={[Function]}
      onResponderMove={[Function]}
      onResponderRelease={[Function]}
      onResponderTerminate={[Function]}
      onResponderTerminationRequest={[Function]}
      onStartShouldSetResponder={[Function]}
      style={
        Object {
          "opacity": 1,
        }
      }
    >
      <View
        style={
          Array [
            Object {
              "backgroundColor": "#fff",
            },
            Object {
              "borderWidth": 2,
            },
            Object {
              "borderColor": "#B35340",
            },
            Object {
              "alignItems": "center",
            },
            Object {
              "justifyContent": "center",
            },
            Object {
              "width": 64,
            },
            Object {
              "height": 64,
            },
            Object {
              "borderRadius": 9999,
            },
            Object {
              "padding": 4,
            },
          ]
        }
      >
        <View
          style={
            Array [
              Object {
                "width": 20,
              },
              Object {
                "height": 20,
              },
            ]
          }
        >
          <SvgMock
            height="100%"
            width="100%"
          />
        </View>
      </View>
      <View>
        <Text
          style={
            Array [
              Object {
                "textAlign": "center",
              },
              Object {
                "fontSize": 20,
              },
              Object {
                "color": "#B35340",
              },
            ]
          }
        >
          close
        </Text>
      </View>
    </View>
  </View>
</View>
`;
