// Jest Snapshot v1, https://goo.gl/fbAQLP

exports[`ProductNotFound renders correctly 1`] = `
<View
  style={
    Array [
      Object {
        "flex": 1,
      },
      Object {
        "justifyContent": "center",
      },
      Object {
        "margin": 20,
      },
    ]
  }
>
  <Text>
    Unfortunately we could not find any data for this barcode
     
    <Text />
  </Text>
  <View
    style={
      Array [
        Object {
          "marginVertical": 20,
        },
      ]
    }
  >
    <View
      accessible={true}
      focusable={true}
      isTVSelectable={true}
      onClick={[Function]}
      onResponderGrant={[Function]}
      onResponderMove={[Function]}
      onResponderRelease={[Function]}
      onResponderTerminate={[Function]}
      onResponderTerminationRequest={[Function]}
      onStartShouldSetResponder={[Function]}
      style={
        Object {
          "alignItems": "center",
          "backgroundColor": "#B35340",
          "borderRadius": 4,
          "display": "flex",
          "flexDirection": "row",
          "justifyContent": "center",
          "opacity": 1,
          "padding": 16,
        }
      }
    >
      <Text
        style={
          Array [
            Object {
              "textAlign": "center",
            },
            Object {
              "fontSize": 24,
            },
            Object {
              "color": "#fff",
            },
            Array [
              Object {
                "color": "#fff",
              },
            ],
          ]
        }
      >
        Search with google
      </Text>
    </View>
  </View>
</View>
`;
