// Jest Snapshot v1, https://goo.gl/fbAQLP

exports[`ProductView renders correctly 1`] = `
<RCTScrollView
  style={
    Array [
      Object {
        "backgroundColor": "#fff",
      },
      Object {
        "flex": 1,
      },
    ]
  }
>
  <View>
    <Image
      resizeMode="contain"
      source={
        Object {
          "uri": "",
        }
      }
      style={
        Array [
          Object {
            "height": 224,
          },
          Object {
            "backgroundColor": "#edf2f7",
          },
        ]
      }
    />
    <View
      style={
        Array [
          Object {
            "padding": 32,
          },
        ]
      }
    >
      <Text
        style={
          Array [
            Object {
              "fontSize": 18,
            },
            Object {
              "marginBottom": 32,
            },
          ]
        }
      >
        
      </Text>
      <Text>
        
      </Text>
      <Text
        style={
          Array [
            Object {
              "fontWeight": "bold",
            },
            Object {
              "marginTop": 32,
            },
          ]
        }
      >
        Ingredients
      </Text>
      <Text>
        -
      </Text>
      <Text
        style={
          Array [
            Object {
              "fontWeight": "bold",
            },
            Object {
              "marginTop": 32,
            },
          ]
        }
      >
        Allergens
      </Text>
      <Text
        style={
          Array [
            Object {
              "fontWeight": "bold",
            },
            Object {
              "marginTop": 32,
            },
          ]
        }
      >
        Origin
      </Text>
      <Text>
        
      </Text>
      <View
        style={
          Array [
            Object {
              "marginTop": 20,
            },
          ]
        }
      >
        <View
          accessible={true}
          focusable={true}
          isTVSelectable={true}
          onClick={[Function]}
          onResponderGrant={[Function]}
          onResponderMove={[Function]}
          onResponderRelease={[Function]}
          onResponderTerminate={[Function]}
          onResponderTerminationRequest={[Function]}
          onStartShouldSetResponder={[Function]}
          style={
            Object {
              "backgroundColor": "#48bb78",
              "borderRadius": 4,
              "display": "flex",
              "justifyContent": "center",
              "opacity": 1,
              "padding": 16,
              "textAlignVertical": "center",
            }
          }
        >
          <Text
            style={
              Array [
                Object {
                  "textAlign": "center",
                },
                Object {
                  "fontSize": 24,
                },
                Object {
                  "color": "#fff",
                },
              ]
            }
          >
            Tell us what's missing
          </Text>
        </View>
      </View>
    </View>
  </View>
</RCTScrollView>
`;
